('block_10_cr_s', 'surf block_10_cr_s cylz 9.396926207859085 -3.420201433256687 3.0 0.0 100.0\n')
