{'_homogenization_group': 0, '_pebble_type': 'fuel', '_inner_radius': 2.5, '_radius': 111, '_material': {'fuel': {'92235': 0.003701, '92238': 0.0199216, '8016': 0.337331, '6000': 0.00926006, '5010': 1.87091e-08, '5011': 7.57813e-08}, 'buffer': {'6000': 0.0526466, '5010': 1.35512e-08, '5011': 5.48894e-08}, 'inner_pyc': {'6000': 0.0952653, '5010': 2.45213e-08, '5011': 9.93236e-08}, 'sic': {'14028': 0.0443271, '14029': 0.00225082, '14030': 0.00148376, '6000': 0.0480616, '5010': 1.23711e-08, '5011': 5.0109e-08}, 'outer_pyc': {'6000': 0.0952653, '5010': 2.45213e-08, '5011': 9.93236e-08}, 'matrix': {'6000': 0.0867416, '5010': 2.23273e-08, '5011': 9.04368e-08}, 'pebshell': {'6000': 0.0867416, '5010': 2.23273e-08, '5011': 9.04368e-08}}, '_x': 111, '_y': 111, '_z': 111, '_r': 111, '_volume_num': 5, '_channel_num': 4, '_mesh_location': 'c4v5', '_temperature': 600, '_shuffled': False, '_previous_universe': 'f0_c4v5', '_burnup': 0.0, '_burnup_j_cm3': 0.0, '_num_passes': 0, '_pass_limit': 5, '_pebble_number': 12345, '_xs_dict': {1500: {'graphite': 'grph1500', 'xs_set': '15c'}, 1200: {'graphite': 'grph1200', 'xs_set': '12c'}, 900: {'graphite': 'grph900', 'xs_set': '09c'}, 600: {'graphite': 'grph600', 'xs_set': '06c'}, 300: {'graphite': 'grph300', 'xs_set': '03c'}}, '_universe': 'f0_c4v5', '_xs_library': '06c', '_scattering_library': 'grph600', '_geometry': {'fuel': {'radius': 0.02125, 'number_of_instance': 18775, 'volume': 0.7546496207696666}, 'buffer': {'radius': 0.03125, 'number_of_instance': 18775, 'volume': 1.6453911536097428}, 'inner_pyc': {'radius': 0.03525, 'number_of_instance': 18775, 'volume': 1.0446157118140604}, 'sic': {'radius': 0.03875, 'number_of_instance': 18775, 'volume': 1.1313188552168967}, 'outer_pyc': {'radius': 0.04275, 'number_of_instance': 18775, 'volume': 1.5683883222058599}, 'matrix': {'radius': 2.5, 'number_of_instance': 1, 'volume': 59.30548328617113}, 'pebshell': {'radius': 111, 'number_of_instance': 1, 'volume': 5728653.886715267}}, '_kernel_data': {'fuel': 0.02125, 'buffer': 0.03125, 'inner_pyc': 0.03525, 'sic': 0.03875, 'outer_pyc': 0.04275}, '_kernels_per_pebble': 18775, '_fuel_temperature': 576, '_triso_volume': 0.7547550000000001, '_power_days': 0.0, '_power_density': 0.0, '_days_in_core': 0, '_xs_fuel_library': '03c', '_fuel_scattering_library': 'grph300'}
