{'bottom_reflector': {'surface': 'surf bottom_reflector_s cylz 0.0 0.0 120.0 -240.538 -182.138\n', 'cells': 'cell bottom_reflector_c bottom_reflector_u reflector -bottom_reflector_s pebble_shoot_s \n', 'universes': 'cell bottom_reflector_u 0 fill bottom_reflector_u -bottom_reflector_s pebble_shoot_s \n'}}
