(['block_1_d0_s', 'block_1_d1_s', 'block_1_d2_s', 'block_1_d3_s', 'block_1_d4_s', 'block_1_d5_s', 'block_1_d6_s', 'block_1_d7_s', 'block_1_d8_s', 'block_1_d9_s', 'block_1_d10_s', 'block_1_d11_s', 'block_1_d12_s', 'block_1_d13_s', 'block_1_d14_s'], 'surf block_1_plane plane 0.984807753012208 -0.1736481776669303\nsurf block_1_d0_s cylv 1.0 -10.0 70.0 0.984807753012208 -0.1736481776669303 0.0 3.0\nsurf block_1_d1_s cylv 1.0 -10.0 82.0 0.984807753012208 -0.1736481776669303 0.0 3.0\nsurf block_1_d2_s cylv 1.0 -10.0 94.0 0.984807753012208 -0.1736481776669303 0.0 3.0\nsurf block_1_d3_s cylv 1.0 -10.0 106.0 0.984807753012208 -0.1736481776669303 0.0 3.0\nsurf block_1_d4_s cylv 1.0 -10.0 118.0 0.984807753012208 -0.1736481776669303 0.0 3.0\nsurf block_1_d5_s cylv 1.0 -10.0 130.0 0.984807753012208 -0.1736481776669303 0.0 3.0\nsurf block_1_d6_s cylv 1.0 -10.0 142.0 0.984807753012208 -0.1736481776669303 0.0 3.0\nsurf block_1_d7_s cylv 1.0 -10.0 154.0 0.984807753012208 -0.1736481776669303 0.0 3.0\nsurf block_1_d8_s cylv 1.0 -10.0 166.0 0.984807753012208 -0.1736481776669303 0.0 3.0\nsurf block_1_d9_s cylv 1.0 -10.0 178.0 0.984807753012208 -0.1736481776669303 0.0 3.0\nsurf block_1_d10_s cylv 1.0 -10.0 190.0 0.984807753012208 -0.1736481776669303 0.0 3.0\nsurf block_1_d11_s cylv 1.0 -10.0 202.0 0.984807753012208 -0.1736481776669303 0.0 3.0\nsurf block_1_d12_s cylv 1.0 -10.0 214.0 0.984807753012208 -0.1736481776669303 0.0 3.0\nsurf block_1_d13_s cylv 1.0 -10.0 226.0 0.984807753012208 -0.1736481776669303 0.0 3.0\nsurf block_1_d14_s cylv 1.0 -10.0 238.0 0.984807753012208 -0.1736481776669303 0.0 3.0\n')
