{1: {'surfaces': {'block': 'surf block_1_s  pad 0.0 0.0 120.0 206.6 0.0 20.0\n', 'dimples': 'surf block_1_plane plane 0.984807753012208 -0.1736481776669303\nsurf block_1_d0_s cylv 0.0 0.0 70.0 0.984807753012208 -0.1736481776669303 0.0 17.5\nsurf block_1_d1_s cylv 0.0 0.0 140.0 0.984807753012208 -0.1736481776669303 0.0 17.5\nsurf block_1_d2_s cylv 0.0 0.0 210.0 0.984807753012208 -0.1736481776669303 0.0 17.5\nsurf block_1_d3_s cylv 0.0 0.0 280.0 0.984807753012208 -0.1736481776669303 0.0 17.5\nsurf block_1_d4_s cylv 0.0 0.0 350.0 0.984807753012208 -0.1736481776669303 0.0 17.5\nsurf block_1_d5_s cylv 0.0 0.0 420.0 0.984807753012208 -0.1736481776669303 0.0 17.5\nsurf block_1_d6_s cylv 0.0 0.0 490.0 0.984807753012208 -0.1736481776669303 0.0 17.5\nsurf block_1_d7_s cylv 0.0 0.0 560.0 0.984807753012208 -0.1736481776669303 0.0 17.5\nsurf block_1_d8_s cylv 0.0 0.0 630.0 0.984807753012208 -0.1736481776669303 0.0 17.5\nsurf block_1_d9_s cylv 0.0 0.0 700.0 0.984807753012208 -0.1736481776669303 0.0 17.5\nsurf block_1_d10_s cylv 0.0 0.0 770.0 0.984807753012208 -0.1736481776669303 0.0 17.5\nsurf block_1_d11_s cylv 0.0 0.0 840.0 0.984807753012208 -0.1736481776669303 0.0 17.5\n', 'control_rods': '', 'risers': 'surf block_1_riser_s cylz 175.78818391267913 -30.99619971354706 8.5 0.0 938.8\n', 'control_rod': 'surf block_1_sr_s cylz 130.97943115062367 -23.09520762970173 6.25 918.0 1024.8\n', 'control_rod_cavity': 'surf block_1_cr_cavity_s cylz 130.97943115062367 -23.09520762970173 6.5 0.0 1024.8\n'}, 'cells': {'block': 'cell block_1_c block_1_u reflector -block_1_s  #block_1_d0_c #block_1_d1_c #block_1_d2_c #block_1_d3_c #block_1_d4_c #block_1_d5_c #block_1_d6_c #block_1_d7_c #block_1_d8_c #block_1_d9_c #block_1_d10_c #block_1_d11_c #block_1_sr_c #block_1_cr_cavity_c #block_1_riser_c', 'dimples': 'cell block_1_d0_c pebbles_u fill pebble_bed -block_1_d0_s -outer_dimple inner_dimple block_1_plane\ncell block_1_d1_c pebbles_u fill pebble_bed -block_1_d1_s -outer_dimple inner_dimple block_1_plane\ncell block_1_d2_c pebbles_u fill pebble_bed -block_1_d2_s -outer_dimple inner_dimple block_1_plane\ncell block_1_d3_c pebbles_u fill pebble_bed -block_1_d3_s -outer_dimple inner_dimple block_1_plane\ncell block_1_d4_c pebbles_u fill pebble_bed -block_1_d4_s -outer_dimple inner_dimple block_1_plane\ncell block_1_d5_c pebbles_u fill pebble_bed -block_1_d5_s -outer_dimple inner_dimple block_1_plane\ncell block_1_d6_c pebbles_u fill pebble_bed -block_1_d6_s -outer_dimple inner_dimple block_1_plane\ncell block_1_d7_c pebbles_u fill pebble_bed -block_1_d7_s -outer_dimple inner_dimple block_1_plane\ncell block_1_d8_c pebbles_u fill pebble_bed -block_1_d8_s -outer_dimple inner_dimple block_1_plane\ncell block_1_d9_c pebbles_u fill pebble_bed -block_1_d9_s -outer_dimple inner_dimple block_1_plane\ncell block_1_d10_c pebbles_u fill pebble_bed -block_1_d10_s -outer_dimple inner_dimple block_1_plane\ncell block_1_d11_c pebbles_u fill pebble_bed -block_1_d11_s -outer_dimple inner_dimple block_1_plane\n', 'control_rods': '', 'risers': 'cell block_1_riser_c block_1_riser_u helium -block_1_riser_s   ', 'control_rod': 'cell block_1_sr_c block_1_sr_u safety_rod -block_1_sr_s   ', 'control_rod_cavity': 'cell block_1_cr_cavity_c block_1_cr_cavity_u helium -block_1_cr_cavity_s   #block_1_sr_c'}, 'universes': {'block': 'cell block_1_u 0 fill block_1_u -block_1_s  #block_1_d0_c #block_1_d1_c #block_1_d2_c #block_1_d3_c #block_1_d4_c #block_1_d5_c #block_1_d6_c #block_1_d7_c #block_1_d8_c #block_1_d9_c #block_1_d10_c #block_1_d11_c #block_1_sr_c #block_1_cr_cavity_c #block_1_riser_c', 'dimples': 'cell block_1_d0_u 0 fill pebbles_u -block_1_d0_s -outer_dimple inner_dimple block_1_plane\ncell block_1_d1_u 0 fill pebbles_u -block_1_d1_s -outer_dimple inner_dimple block_1_plane\ncell block_1_d2_u 0 fill pebbles_u -block_1_d2_s -outer_dimple inner_dimple block_1_plane\ncell block_1_d3_u 0 fill pebbles_u -block_1_d3_s -outer_dimple inner_dimple block_1_plane\ncell block_1_d4_u 0 fill pebbles_u -block_1_d4_s -outer_dimple inner_dimple block_1_plane\ncell block_1_d5_u 0 fill pebbles_u -block_1_d5_s -outer_dimple inner_dimple block_1_plane\ncell block_1_d6_u 0 fill pebbles_u -block_1_d6_s -outer_dimple inner_dimple block_1_plane\ncell block_1_d7_u 0 fill pebbles_u -block_1_d7_s -outer_dimple inner_dimple block_1_plane\ncell block_1_d8_u 0 fill pebbles_u -block_1_d8_s -outer_dimple inner_dimple block_1_plane\ncell block_1_d9_u 0 fill pebbles_u -block_1_d9_s -outer_dimple inner_dimple block_1_plane\ncell block_1_d10_u 0 fill pebbles_u -block_1_d10_s -outer_dimple inner_dimple block_1_plane\ncell block_1_d11_u 0 fill pebbles_u -block_1_d11_s -outer_dimple inner_dimple block_1_plane\n', 'control_rods': '', 'risers': 'cell block_1_riser_u 0 fill block_1_riser_u -block_1_riser_s   ', 'control': 'cell block_1_sr_u 0 fill block_1_sr_u -block_1_sr_s   ', 'control_rod_cavity': 'cell block_1_cr_cavity_u 0 fill block_1_cr_cavity_u -block_1_cr_cavity_s   #block_1_sr_c'}}}
