{'pebble_bed': {'surface': 'surf inf_surf inf\npbed pebble_bed helium_u "pf61_Step1.pbed" pow\nsurf pebbles_s cylz 0.0 0.0 120.0 0.0 893.0\n', 'cells': 'cell c_he helium_u helium  -inf_surf\ncell pebbles_c pebbles_u fill pebble_bed -pebbles_s  \n', 'universes': 'cell pebbles_u 0 fill pebbles_u -pebbles_s  \n'}}
