(['block_test_d0_c'], 'cell block_test_d0_c pebbles_u fill pebble_bed -block_test_d0_s -outer_dimple inner_dimple block_test_plane\n')
