1000000.0
None
0.0
1000000.0
None
0.0
1000000.0
None
0.0
None
1000000.0
0.0
2
