{'top_reflector': {'surface': 'surf top_reflector_s cylz 0.0 0.0 120.0 938.8 1024.8\n', 'cells': 'cell top_reflector_c top_reflector_u reflector -top_reflector_s  \n', 'universes': 'cell top_reflector_u 0 fill top_reflector_u -top_reflector_s  \n'}}
