cell block_test_d0_u 0 fill pebbles_u -block_test_d0_s -outer_dimple inner_dimple block_test_plane

