cell block_1_c block_1_u reflector -block_1_s surf1 surf2 #cell1 #cell2
