cell block_test_u 0 fill block_test_u -block_test_s sruf1 surf2 #cell1 #cell2
