(['block_test_cr_c'], 'cell block_test_cr_c block_test_cr_u control -block_test_cr_s sruf1 surf2  #cell1 #cell2')
