{'pebble_shoot': {'surface': 'surf pebble_shoot_s cylz 0.0 0.0 26.0 -240.538 -55.438\n', 'cells': 'cell pebble_shoot_c pebble_shoot_u pebble_shoot -pebble_shoot_s  \n', 'universes': 'cell pebble_shoot_u 0 fill pebble_shoot_u -pebble_shoot_s  \n'}}
