%%%%%%%%%%%%%%%%%%%%%%%%%%%%%%%%
%%% Pebble Materials
%%%%%%%%%%%%%%%%%%%%%%%%%%%%%%%%

% Pebbles for Channel: 0, Volume Zone: 0 

mat fuel_f0_c0v0_c0v0 sum tmp 900.0 vol 223.37629 burn 1
  92234.09c      2.500000e+00
mat buffer_f0_c0v0_c0v0 sum tmp 900.0 vol 487.03578
  6000.09c      5.264660e-02
  5010.09c      1.355120e-08
  5011.09c      5.488940e-08
mat inner_pyc_f0_c0v0_c0v0 sum tmp 900.0 vol 309.20625 moder grph900 6000
  6000.09c      9.526530e-02
  5010.09c      2.452130e-08
  5011.09c      9.932360e-08
mat sic_f0_c0v0_c0v0 sum tmp 900.0 vol 334.87038
  14028.09c      4.432710e-02
  14029.09c      2.250820e-03
  14030.09c      1.483760e-03
  6000.09c      4.806160e-02
  5010.09c      1.237110e-08
  5011.09c      5.010900e-08
mat outer_pyc_f0_c0v0_c0v0 sum tmp 900.0 vol 464.24294 moder grph900 6000
  6000.09c      9.526530e-02
  5010.09c      2.452130e-08
  5011.09c      9.932360e-08
mat matrix_f0_c0v0_c0v0 sum tmp 900.0 vol 17554.42305
  6000.09c      8.674160e-02
  5010.09c      2.232730e-08
  5011.09c      9.043680e-08
mat pebshell_f0_c0v0_c0v0 sum tmp 900.0 vol 14103.65662 moder grph900 6000
  6000.09c      8.674160e-02
  5010.09c      2.232730e-08
  5011.09c      9.043680e-08
mat matrix_g_c0v0 sum tmp 900.0 vol 10144.72628
  6000.09c      9.225700e-02
  5010.09c      2.283360e-09
  5011.09c      9.248760e-09
mat pebshell_g_c0v0 sum tmp 900.0 vol 7385.36073 moder grph900 6000
  6000.09c      6.618140e-02
  5010.09c      2.232730e-08
  5011.09c      9.043680e-07
mat fuel_f0_c0v0 sum tmp 900.0 vol 128.29044 burn 1
  92235.09c      3.701000e-03
  92238.09c      1.992160e-02
  8016.09c      3.373310e-01
  6000.09c      9.260060e-03
  5010.09c      1.870910e-08
  5011.09c      7.578130e-08
mat buffer_f0_c0v0 sum tmp 900.0 vol 279.7165
  6000.09c      5.264660e-02
  5010.09c      1.355120e-08
  5011.09c      5.488940e-08
mat inner_pyc_f0_c0v0 sum tmp 900.0 vol 177.58467 moder grph900 6000
  6000.09c      9.526530e-02
  5010.09c      2.452130e-08
  5011.09c      9.932360e-08
mat sic_f0_c0v0 sum tmp 900.0 vol 192.32421
  14028.09c      4.432710e-02
  14029.09c      2.250820e-03
  14030.09c      1.483760e-03
  6000.09c      4.806160e-02
  5010.09c      1.237110e-08
  5011.09c      5.010900e-08
mat outer_pyc_f0_c0v0 sum tmp 900.0 vol 266.62601 moder grph900 6000
  6000.09c      9.526530e-02
  5010.09c      2.452130e-08
  5011.09c      9.932360e-08
mat matrix_f0_c0v0 sum tmp 900.0 vol 10081.93216
  6000.09c      8.674160e-02
  5010.09c      2.232730e-08
  5011.09c      9.043680e-08
mat pebshell_f0_c0v0 sum tmp 900.0 vol 8100.07306 moder grph900 6000
  6000.09c      8.674160e-02
  5010.09c      2.232730e-08
  5011.09c      9.043680e-08

% Pebbles for Channel: 0, Volume Zone: 1 

mat fuel_f0_c0v1 sum tmp 900.0 vol 235.45068 burn 1
  92234.09c      4.000000e+00
mat buffer_f0_c0v1 sum tmp 900.0 vol 513.36204
  6000.09c      5.264660e-02
  5010.09c      1.355120e-08
  5011.09c      5.488940e-08
mat inner_pyc_f0_c0v1 sum tmp 900.0 vol 325.9201 moder grph900 6000
  6000.09c      9.526530e-02
  5010.09c      2.452130e-08
  5011.09c      9.932360e-08
mat sic_f0_c0v1 sum tmp 900.0 vol 352.97148
  14028.09c      4.432710e-02
  14029.09c      2.250820e-03
  14030.09c      1.483760e-03
  6000.09c      4.806160e-02
  5010.09c      1.237110e-08
  5011.09c      5.010900e-08
mat outer_pyc_f0_c0v1 sum tmp 900.0 vol 489.33716 moder grph900 6000
  6000.09c      9.526530e-02
  5010.09c      2.452130e-08
  5011.09c      9.932360e-08
mat matrix_f0_c0v1 sum tmp 900.0 vol 18503.31079
  6000.09c      8.674160e-02
  5010.09c      2.232730e-08
  5011.09c      9.043680e-08
mat pebshell_f0_c0v1 sum tmp 900.0 vol 14866.01644 moder grph900 6000
  6000.09c      8.674160e-02
  5010.09c      2.232730e-08
  5011.09c      9.043680e-08
mat matrix_g_c0v1 sum tmp 900.0 vol 20224.00271
  6000.09c      9.225700e-02
  5010.09c      2.283360e-09
  5011.09c      9.248760e-09
mat pebshell_g_c0v1 sum tmp 900.0 vol 14723.07397 moder grph900 6000
  6000.09c      6.618140e-02
  5010.09c      2.232730e-08
  5011.09c      9.043680e-07

% Pebbles for Channel: 0, Volume Zone: 2 

mat matrix_g_c0v2 sum tmp 900.0 vol 19962.20332
  6000.09c      9.225700e-02
  5010.09c      2.283360e-09
  5011.09c      9.248760e-09
mat pebshell_g_c0v2 sum tmp 900.0 vol 14532.48402 moder grph900 6000
  6000.09c      6.618140e-02
  5010.09c      2.232730e-08
  5011.09c      9.043680e-07
mat fuel_f0_c0v2 sum tmp 900.0 vol 237.71463 burn 1
  92234.09c      5.000000e+00
mat buffer_f0_c0v2 sum tmp 900.0 vol 518.29821
  6000.09c      5.264660e-02
  5010.09c      1.355120e-08
  5011.09c      5.488940e-08
mat inner_pyc_f0_c0v2 sum tmp 900.0 vol 329.05395 moder grph900 6000
  6000.09c      9.526530e-02
  5010.09c      2.452130e-08
  5011.09c      9.932360e-08
mat sic_f0_c0v2 sum tmp 900.0 vol 356.36544
  14028.09c      4.432710e-02
  14029.09c      2.250820e-03
  14030.09c      1.483760e-03
  6000.09c      4.806160e-02
  5010.09c      1.237110e-08
  5011.09c      5.010900e-08
mat outer_pyc_f0_c0v2 sum tmp 900.0 vol 494.04232 moder grph900 6000
  6000.09c      9.526530e-02
  5010.09c      2.452130e-08
  5011.09c      9.932360e-08
mat matrix_f0_c0v2 sum tmp 900.0 vol 18681.22724
  6000.09c      8.674160e-02
  5010.09c      2.232730e-08
  5011.09c      9.043680e-08
mat pebshell_f0_c0v2 sum tmp 900.0 vol 15008.9589 moder grph900 6000
  6000.09c      8.674160e-02
  5010.09c      2.232730e-08
  5011.09c      9.043680e-08

% Pebbles for Channel: 1, Volume Zone: 0 

mat matrix_g_c1v0 sum tmp 900.0 vol 38288.16047
  6000.09c      9.225700e-02
  5010.09c      2.283360e-09
  5011.09c      9.248760e-09
mat pebshell_g_c1v0 sum tmp 900.0 vol 27873.78082 moder grph900 6000
  6000.09c      6.618140e-02
  5010.09c      2.232730e-08
  5011.09c      9.043680e-07
mat fuel_f0_c0v0_c1v0 sum tmp 900.0 vol 901.8063 burn 1
  92234.09c      2.500000e+00
mat buffer_f0_c0v0_c1v0 sum tmp 900.0 vol 1966.24243
  6000.09c      5.264660e-02
  5010.09c      1.355120e-08
  5011.09c      5.488940e-08
mat inner_pyc_f0_c0v0_c1v0 sum tmp 900.0 vol 1248.31578 moder grph900 6000
  6000.09c      9.526530e-02
  5010.09c      2.452130e-08
  5011.09c      9.932360e-08
mat sic_f0_c0v0_c1v0 sum tmp 900.0 vol 1351.92603
  14028.09c      4.432710e-02
  14029.09c      2.250820e-03
  14030.09c      1.483760e-03
  6000.09c      4.806160e-02
  5010.09c      1.237110e-08
  5011.09c      5.010900e-08
mat outer_pyc_f0_c0v0_c1v0 sum tmp 900.0 vol 1874.22405 moder grph900 6000
  6000.09c      9.526530e-02
  5010.09c      2.452130e-08
  5011.09c      9.932360e-08
mat matrix_f0_c0v0_c1v0 sum tmp 900.0 vol 70870.05253
  6000.09c      8.674160e-02
  5010.09c      2.232730e-08
  5011.09c      9.043680e-08
mat pebshell_f0_c0v0_c1v0 sum tmp 900.0 vol 56938.74885 moder grph900 6000
  6000.09c      8.674160e-02
  5010.09c      2.232730e-08
  5011.09c      9.043680e-08
mat fuel_f0_c1v0 sum tmp 900.0 vol 451.28047 burn 1
  92235.09c      3.701000e-03
  92238.09c      1.992160e-02
  8016.09c      3.373310e-01
  6000.09c      9.260060e-03
  5010.09c      1.870910e-08
  5011.09c      7.578130e-08
mat buffer_f0_c1v0 sum tmp 900.0 vol 983.94391
  6000.09c      5.264660e-02
  5010.09c      1.355120e-08
  5011.09c      5.488940e-08
mat inner_pyc_f0_c1v0 sum tmp 900.0 vol 624.6802 moder grph900 6000
  6000.09c      9.526530e-02
  5010.09c      2.452130e-08
  5011.09c      9.932360e-08
mat sic_f0_c1v0 sum tmp 900.0 vol 676.52868
  14028.09c      4.432710e-02
  14029.09c      2.250820e-03
  14030.09c      1.483760e-03
  6000.09c      4.806160e-02
  5010.09c      1.237110e-08
  5011.09c      5.010900e-08
mat outer_pyc_f0_c1v0 sum tmp 900.0 vol 937.89622 moder grph900 6000
  6000.09c      9.526530e-02
  5010.09c      2.452130e-08
  5011.09c      9.932360e-08
mat matrix_f0_c1v0 sum tmp 900.0 vol 35464.67901
  6000.09c      8.674160e-02
  5010.09c      2.232730e-08
  5011.09c      9.043680e-08
mat pebshell_f0_c1v0 sum tmp 900.0 vol 28493.19817 moder grph900 6000
  6000.09c      8.674160e-02
  5010.09c      2.232730e-08
  5011.09c      9.043680e-08

% Pebbles for Channel: 1, Volume Zone: 1 

mat fuel_f0_c1v1 sum tmp 900.0 vol 901.8063 burn 1
  92234.09c      1.000000e+00
mat buffer_f0_c1v1 sum tmp 900.0 vol 1966.24243
  6000.09c      5.264660e-02
  5010.09c      1.355120e-08
  5011.09c      5.488940e-08
mat inner_pyc_f0_c1v1 sum tmp 900.0 vol 1248.31578 moder grph900 6000
  6000.09c      9.526530e-02
  5010.09c      2.452130e-08
  5011.09c      9.932360e-08
mat sic_f0_c1v1 sum tmp 900.0 vol 1351.92603
  14028.09c      4.432710e-02
  14029.09c      2.250820e-03
  14030.09c      1.483760e-03
  6000.09c      4.806160e-02
  5010.09c      1.237110e-08
  5011.09c      5.010900e-08
mat outer_pyc_f0_c1v1 sum tmp 900.0 vol 1874.22405 moder grph900 6000
  6000.09c      9.526530e-02
  5010.09c      2.452130e-08
  5011.09c      9.932360e-08
mat matrix_f0_c1v1 sum tmp 900.0 vol 70870.05253
  6000.09c      8.674160e-02
  5010.09c      2.232730e-08
  5011.09c      9.043680e-08
mat pebshell_f0_c1v1 sum tmp 900.0 vol 56938.74885 moder grph900 6000
  6000.09c      8.674160e-02
  5010.09c      2.232730e-08
  5011.09c      9.043680e-08
mat matrix_g_c1v1 sum tmp 900.0 vol 77427.16894
  6000.09c      9.225700e-02
  5010.09c      2.283360e-09
  5011.09c      9.248760e-09
mat pebshell_g_c1v1 sum tmp 900.0 vol 56366.97899 moder grph900 6000
  6000.09c      6.618140e-02
  5010.09c      2.232730e-08
  5011.09c      9.043680e-07

%%%%%%%%%%%%%%%%%%%%%%%%%%%%%%%%
%%% Pebble Cells
%%%%%%%%%%%%%%%%%%%%%%%%%%%%%%%%

% Pebbles for Channel: 0, Volume Zone: 0 

cell pebble_f0_c0v0_c0v0 f0_c0v0_c0v0 fill triso_f0_c0v0_c0v0 -pebble_inner
cell matrix_cf0_c0v0_c0v0 matrix_uf0_c0v0_c0v0 matrix_f0_c0v0_c0v0 -inf_surf
cell pebble_f0_c0v0_c0v0_matrix f0_c0v0_c0v0 pebshell_f0_c0v0_c0v0 pebble_inner -pebble_outer
cell pebble_g_c0v0 g_c0v0 matrix_g_c0v0 -pebble_inner
cell shell_g_c0v0 g_c0v0 pebshell_g_c0v0 pebble_inner -pebble_outer
cell pebble_f0_c0v0 f0_c0v0 fill triso_f0_c0v0 -pebble_inner
cell matrix_cf0_c0v0 matrix_uf0_c0v0 matrix_f0_c0v0 -inf_surf
cell pebble_f0_c0v0_matrix f0_c0v0 pebshell_f0_c0v0 pebble_inner -pebble_outer

% Pebbles for Channel: 0, Volume Zone: 1 

cell pebble_f0_c0v1 f0_c0v1 fill triso_f0_c0v1 -pebble_inner
cell matrix_cf0_c0v1 matrix_uf0_c0v1 matrix_f0_c0v1 -inf_surf
cell pebble_f0_c0v1_matrix f0_c0v1 pebshell_f0_c0v1 pebble_inner -pebble_outer
cell pebble_g_c0v1 g_c0v1 matrix_g_c0v1 -pebble_inner
cell shell_g_c0v1 g_c0v1 pebshell_g_c0v1 pebble_inner -pebble_outer

% Pebbles for Channel: 0, Volume Zone: 2 

cell pebble_g_c0v2 g_c0v2 matrix_g_c0v2 -pebble_inner
cell shell_g_c0v2 g_c0v2 pebshell_g_c0v2 pebble_inner -pebble_outer
cell pebble_f0_c0v2 f0_c0v2 fill triso_f0_c0v2 -pebble_inner
cell matrix_cf0_c0v2 matrix_uf0_c0v2 matrix_f0_c0v2 -inf_surf
cell pebble_f0_c0v2_matrix f0_c0v2 pebshell_f0_c0v2 pebble_inner -pebble_outer

% Pebbles for Channel: 1, Volume Zone: 0 

cell pebble_g_c1v0 g_c1v0 matrix_g_c1v0 -pebble_inner
cell shell_g_c1v0 g_c1v0 pebshell_g_c1v0 pebble_inner -pebble_outer
cell pebble_f0_c0v0_c1v0 f0_c0v0_c1v0 fill triso_f0_c0v0_c1v0 -pebble_inner
cell matrix_cf0_c0v0_c1v0 matrix_uf0_c0v0_c1v0 matrix_f0_c0v0_c1v0 -inf_surf
cell pebble_f0_c0v0_c1v0_matrix f0_c0v0_c1v0 pebshell_f0_c0v0_c1v0 pebble_inner -pebble_outer
cell pebble_f0_c1v0 f0_c1v0 fill triso_f0_c1v0 -pebble_inner
cell matrix_cf0_c1v0 matrix_uf0_c1v0 matrix_f0_c1v0 -inf_surf
cell pebble_f0_c1v0_matrix f0_c1v0 pebshell_f0_c1v0 pebble_inner -pebble_outer

% Pebbles for Channel: 1, Volume Zone: 1 

cell pebble_f0_c1v1 f0_c1v1 fill triso_f0_c1v1 -pebble_inner
cell matrix_cf0_c1v1 matrix_uf0_c1v1 matrix_f0_c1v1 -inf_surf
cell pebble_f0_c1v1_matrix f0_c1v1 pebshell_f0_c1v1 pebble_inner -pebble_outer
cell pebble_g_c1v1 g_c1v1 matrix_g_c1v1 -pebble_inner
cell shell_g_c1v1 g_c1v1 pebshell_g_c1v1 pebble_inner -pebble_outer

%%%%%%%%%%%%%%%%%%%%%%%%%%%%%%%%
%%% Pebble Surfaces
%%%%%%%%%%%%%%%%%%%%%%%%%%%%%%%%

% Pebbles for Channel: 0, Volume Zone: 0 

particle 1
fuel_f0_c0v0_c0v0 0.02125
buffer_f0_c0v0_c0v0 0.03125
inner_pyc_f0_c0v0_c0v0 0.03525
sic_f0_c0v0_c0v0 0.03875
outer_pyc_f0_c0v0_c0v0 0.04275
matrix_f0_c0v0_c0v0
pbed triso_f0_c0v0_c0v0 matrix_uf0_c0v0_c0v0 "triso/triso_dist_u1.triso"

particle 2
fuel_f0_c0v0 0.02125
buffer_f0_c0v0 0.03125
inner_pyc_f0_c0v0 0.03525
sic_f0_c0v0 0.03875
outer_pyc_f0_c0v0 0.04275
matrix_f0_c0v0
pbed triso_f0_c0v0 matrix_uf0_c0v0 "triso/triso_dist_u2.triso"


% Pebbles for Channel: 0, Volume Zone: 1 

particle 3
fuel_f0_c0v1 0.02125
buffer_f0_c0v1 0.03125
inner_pyc_f0_c0v1 0.03525
sic_f0_c0v1 0.03875
outer_pyc_f0_c0v1 0.04275
matrix_f0_c0v1
pbed triso_f0_c0v1 matrix_uf0_c0v1 "triso/triso_dist_u3.triso"


% Pebbles for Channel: 0, Volume Zone: 2 

particle 4
fuel_f0_c0v2 0.02125
buffer_f0_c0v2 0.03125
inner_pyc_f0_c0v2 0.03525
sic_f0_c0v2 0.03875
outer_pyc_f0_c0v2 0.04275
matrix_f0_c0v2
pbed triso_f0_c0v2 matrix_uf0_c0v2 "triso/triso_dist_u4.triso"


% Pebbles for Channel: 1, Volume Zone: 0 

particle 5
fuel_f0_c0v0_c1v0 0.02125
buffer_f0_c0v0_c1v0 0.03125
inner_pyc_f0_c0v0_c1v0 0.03525
sic_f0_c0v0_c1v0 0.03875
outer_pyc_f0_c0v0_c1v0 0.04275
matrix_f0_c0v0_c1v0
pbed triso_f0_c0v0_c1v0 matrix_uf0_c0v0_c1v0 "triso/triso_dist_u5.triso"

particle 6
fuel_f0_c1v0 0.02125
buffer_f0_c1v0 0.03125
inner_pyc_f0_c1v0 0.03525
sic_f0_c1v0 0.03875
outer_pyc_f0_c1v0 0.04275
matrix_f0_c1v0
pbed triso_f0_c1v0 matrix_uf0_c1v0 "triso/triso_dist_u6.triso"


% Pebbles for Channel: 1, Volume Zone: 1 

particle 7
fuel_f0_c1v1 0.02125
buffer_f0_c1v1 0.03125
inner_pyc_f0_c1v1 0.03525
sic_f0_c1v1 0.03875
outer_pyc_f0_c1v1 0.04275
matrix_f0_c1v1
pbed triso_f0_c1v1 matrix_uf0_c1v1 "triso/triso_dist_u7.triso"


