cell block_test_cr_u 0 fill block_test_cr_u -block_test_cr_s sruf1 surf2  #cell1 #cell2
