{'cavity': {'surface': 'surf cavity_s cylz 0.0 0.0 120.0 893.0 938.8\n', 'cells': 'cell cavity_c cavity_u helium -cavity_s  \n', 'universes': 'cell cavity_u 0 fill cavity_u -cavity_s  \n'}}
