{'outlet_channel': {'surface': 'surf outlet_channel_s cylz 0.0 0.0 120.0 -85.438 0.0\n', 'cells': 'cell outlet_channel_c outlet_channel_u outlet_channel -outlet_channel_s pebble_shoot_s conus_s \n', 'universes': 'cell outlet_channel_u 0 fill outlet_channel_u -outlet_channel_s pebble_shoot_s conus_s \n'}}
