{'92234': 2.5}
20
{'92234': 3.3333333333333335}
30
