cell cellu1 0 fill cellu1 -surf_0 -surf_2 surf_5 surf_6 #cell_0 #cell_2

