{'outlet_plenum': {'surface': 'surf outlet_plenum_s cylz 0.0 0.0 120.0 -182.138 -85.438\n', 'cells': 'cell outlet_plenum_c outlet_plenum_u outlet_plenum -outlet_plenum_s pebble_shoot_s \n', 'universes': 'cell outlet_plenum_u 0 fill outlet_plenum_u -outlet_plenum_s pebble_shoot_s \n'}}
