surf surf_1 cylv 0.0 0.0 0.0 1 1 1 40.0

surf surf_1 cylz 0.0 0.0 40.0 10.0 2.0

surf surf_1 cyly 10 5 40.0  

surf surf_1 cylx 2 5 40.0  

