{'09': 900, '08': 900, '07': 900, '06': 800, '05': 800, '04': 700, '03': 600, '02': 600, '01': 500, '00': 500, '110': 900, '19': 900, '18': 900, '17': 800, '16': 800, '15': 700, '14': 700, '13': 600, '12': 600, '11': 500, '10': 500, '211': 900, '210': 900, '29': 900, '28': 800, '27': 800, '26': 700, '25': 700, '24': 700, '23': 600, '22': 600, '21': 500, '20': 500, '314': 900, '313': 900, '312': 900, '311': 900, '310': 800, '39': 800, '38': 800, '37': 700, '36': 700, '35': 600, '34': 600, '33': 600, '32': 500, '31': 500, '30': 500, '418': 900, '417': 900, '416': 900, '415': 900, '414': 800, '413': 800, '412': 800, '411': 800, '410': 700, '49': 700, '48': 700, '47': 700, '46': 600, '45': 600, '44': 600, '43': 600, '42': 500, '41': 500, '40': 500}
{'09': 1000, '08': 1000, '07': 1000, '06': 1000, '05': 875, '04': 750, '03': 625, '02': 500, '01': 500, '00': 500, '110': 1000, '19': 1000, '18': 1000, '17': 1000, '16': 1000, '15': 875, '14': 750, '13': 625, '12': 500, '11': 500, '10': 500, '211': 1000, '210': 1000, '29': 1000, '28': 1000, '27': 1000, '26': 875, '25': 750, '24': 625, '23': 625, '22': 500, '21': 500, '20': 500, '314': 1000, '313': 1000, '312': 1000, '311': 1000, '310': 1000, '39': 1000, '38': 875, '37': 875, '36': 750, '35': 625, '34': 625, '33': 500, '32': 500, '31': 500, '30': 500, '418': 1000, '417': 1000, '416': 1000, '415': 1000, '414': 1000, '413': 1000, '412': 1000, '411': 875, '410': 875, '49': 750, '48': 750, '47': 625, '46': 625, '45': 500, '44': 500, '43': 500, '42': 500, '41': 500, '40': 500}
{'09': 900, '08': 900, '07': 900, '06': 900, '05': 700, '04': 700, '03': 700, '02': 500, '01': 500, '00': 500, '110': 900, '19': 900, '18': 900, '17': 900, '16': 700, '15': 700, '14': 700, '13': 700, '12': 500, '11': 500, '10': 500, '211': 900, '210': 900, '29': 900, '28': 900, '27': 700, '26': 700, '25': 700, '24': 700, '23': 500, '22': 500, '21': 500, '20': 500, '314': 900, '313': 900, '312': 900, '311': 900, '310': 900, '39': 700, '38': 700, '37': 700, '36': 700, '35': 700, '34': 500, '33': 500, '32': 500, '31': 500, '30': 500, '418': 900, '417': 900, '416': 900, '415': 900, '414': 900, '413': 900, '412': 900, '411': 700, '410': 700, '49': 700, '48': 700, '47': 700, '46': 700, '45': 500, '44': 500, '43': 500, '42': 500, '41': 500, '40': 500}
