cell cell1 univ1 material -surf_0 -surf_2 surf_5 surf_6 #cell_0 #cell_2

