{'f0_c0v0': (14274.9, 0.00379), 'f0_c0v1': (28123.2, 0.00268), 'f0_c0v2': (38217.6, 0.00221), 'f0_c0v3': (42139.1, 0.00208), 'f0_c0v4': (38107.2, 0.00227), 'f0_c0v5': (29653.1, 0.00265), 'f0_c0v6': (12217.4, 0.004), 'f0_c1v0': (12523.2, 0.00357), 'f0_c1v1': (25420.9, 0.00257), 'f0_c1v2': (34421.9, 0.00214), 'f0_c1v3': (38167.2, 0.00191), 'f0_c1v4': (36583.6, 0.00204), 'f0_c1v5': (30567.5, 0.00231), 'f0_c1v6': (20187.8, 0.00299), 'f0_c1v7': (1017.52, 0.00944), 'f0_c2v0': (11226.5, 0.00361), 'f0_c2v1': (21794.0, 0.00262), 'f0_c2v2': (30670.5, 0.00216), 'f0_c2v3': (34985.3, 0.00197), 'f0_c2v4': (33407.5, 0.00193), 'f0_c2v5': (28940.8, 0.0022), 'f0_c2v6': (21368.6, 0.00275), 'f0_c2v7': (6021.01, 0.00465), 'f0_c3v0': (9264.8, 0.00393), 'f0_c3v1': (17595.0, 0.0029), 'f0_c3v2': (24238.4, 0.00244), 'f0_c3v3': (29126.4, 0.00218), 'f0_c3v4': (30727.1, 0.00206), 'f0_c3v5': (29433.8, 0.00207), 'f0_c3v6': (26305.1, 0.00228), 'f0_c3v7': (21443.4, 0.00262), 'f0_c3v8': (15480.9, 0.00318), 'f0_c3v9': (634.094, 0.01134), 'f0_c4v0': (8534.01, 0.00408), 'f0_c4v1': (14604.8, 0.00314), 'f0_c4v2': (21069.0, 0.00258), 'f0_c4v3': (25711.5, 0.00234), 'f0_c4v4': (27557.1, 0.00215), 'f0_c4v5': (28486.4, 0.00213), 'f0_c4v6': (26653.4, 0.00228), 'f0_c4v7': (23314.8, 0.00246), 'f0_c4v8': (18394.0, 0.00293), 'f0_c4v9': (11501.4, 0.00358)}
