{'fuel': 0.02125, 'buffer': 0.03125, 'inner_pyc': 0.03525, 'sic': 0.03875, 'outer_pyc': 0.04275, 'kernels_per_pebble': 18687}
