{'outside': {'surface': 'surf outside_s cylz 0.0 0.0 206.6 -240.538 1024.8\n', 'universe': 'cell out        0 outside            outside_s'}}
