{'matrix': {'radius': 2.5, 'number_of_instance': 1, 'volume': 65.44984694978736}, 'pebshell': {'radius': 3, 'number_of_instance': 1, 'volume': 47.64748857944518}}
{'fuel': {'radius': 0.02125, 'number_of_instance': 18775, 'volume': 0.7546496207696666}, 'buffer': {'radius': 0.03125, 'number_of_instance': 18775, 'volume': 1.6453911536097428}, 'inner_pyc': {'radius': 0.03525, 'number_of_instance': 18775, 'volume': 1.0446157118140604}, 'sic': {'radius': 0.03875, 'number_of_instance': 18775, 'volume': 1.1313188552168967}, 'outer_pyc': {'radius': 0.04275, 'number_of_instance': 18775, 'volume': 1.5683883222058599}, 'matrix': {'radius': 2.5, 'number_of_instance': 1, 'volume': 59.30548328617113}, 'pebshell': {'radius': 3, 'number_of_instance': 1, 'volume': 47.64748857944518}}
