{'_pebble_type': 'graphite', '_inner_radius': 2.5, '_radius': 1, '_material': {'matrix': {'6000': 0.092257, '5010': 2.28336e-09, '5011': 9.24876e-09}, 'pebshell': {'6000': 0.0661814, '5010': 2.23273e-08, '5011': 9.04368e-07}}, '_x': 1, '_y': 1, '_z': 1, '_r': 1, '_volume_num': 2, '_channel_num': 1, '_mesh_location': 'c1v2', '_temperature': 600, '_shuffled': False, '_previous_universe': 'g0_c1v2', '_burnup': 0.0, '_burnup_j_cm3': 0.0, '_num_passes': 1, '_pass_limit': 5, '_pebble_number': 12345, '_xs_dict': {1500: {'graphite': 'grph1500', 'xs_set': '15c'}, 1200: {'graphite': 'grph1200', 'xs_set': '12c'}, 900: {'graphite': 'grph900', 'xs_set': '09c'}, 600: {'graphite': 'grph600', 'xs_set': '06c'}, 300: {'graphite': 'grph300', 'xs_set': '03c'}}, '_universe': 'g_c1v2', '_xs_library': '06c', '_scattering_library': 'grph600', '_geometry': {'matrix': {'radius': 2.5, 'number_of_instance': 1, 'volume': 65.44984694978736}, 'pebshell': {'radius': 1, 'number_of_instance': 1, 'volume': -61.261056745000964}}}
