{'output_dir': '', 'reactor_file_name': 'reactor', 'one_run': True, 'save_state_point': False, 'save_state_point_frequency': 10, 'num_particles': 20000, 'num_generations': 400, 'skipped_generations': 40, 'burnup_optimization_num': 1, 'nofatal': True, 'num_threads': 40, 'geom_plots': [], 'xs_dict': {}, 'materials': {}, '_detector_dict': {}, 'user_detector_dict': {}, 'energy_grid_dict': {}, 'pebble_bed_name': 'pf61_Step1.pbed', 'core_file_name': 'pbr_structure.inp', '_block_material': 'reflector', '_pebble_shoot_material': 'pebble_shoot', '_outlet_plenum_material': 'outlet_plenum', '_outlet_channel_material': 'outlet_channel', '_safety_rod_material': 'safety_rod', '_control_rod_material': 'control_rod', '_cavity_material': 'helium', 'riser_material': 'helium', '_control_rod_cavity_material': 'helium', 'create_dimples': True, 'simple_core': False, 'conus_height': 70.772, 'conus_z_offset': 0, 'conus_channel_height': 85.438, 'pebble_shoot_radius': 26.0, 'pebble_chute_height': 185.1, 'bottom_reflector_height': 58.4, 'outlet_plenum_height': 96.7, 'cr_insertion_depth': 0.0, 'sr_insertion_depth': -25.0, 'radius_to_cr_center': 133, 'control_rod_radius': 6.25, 'control_rod_cavity_radius': 6.5, 'radius_to_riser_center': 178.5, 'riser_radius': 8.5, 'cavity_height': 100, 'top_reflector_height': 86.0, 'pebble_inner_radius': 2.5, 'pebble_outer_radius': 3.0, 'pebble_bed_height': 893.0, 'dimple_axial_offset': 20.5, 'dimple_radius': 17.5, 'dimple_depth': 3.0, 'num_dimples': 12, 'block_inner_radius': 120.0, 'block_outer_radius': 206.6, 'pebble_bed_dimple_radius': 137.5, 'number_of_blocks': 18, '_block_dict': {}, '_reactor_dict': {}, '_block_angle': 20.0, '_block_angles': [90.0, 110.0, 130.0, 150.0, 170.0, 190.0, 210.0, 230.0, 250.0, 270.0, 290.0, 310.0, 330.0, 350.0, 370.0, 390.0, 410.0, 430.0], 'lower_model_height': -240.538, 'bottom_reflector_lower_height': -240.538, 'bottom_reflector_upper_height': -182.138, 'outlet_plenum_lower_height': -182.138, 'outlet_plenum_upper_height': -85.438, 'outlet_channel_lower_height': -85.438, 'outlet_channel_upper_height': 0.0, 'pebble_shoot_lower_height': -240.538, 'pebble_shoot_upper_height': -55.43800000000002, 'pebble_bed_lower_height': 0.0, 'pebble_bed_upper_height': 893.0, 'cavity_lower_height': 893.0, 'cavity_upper_height': 993.0, 'top_reflector_lower_height': 993.0, 'top_reflector_upper_height': 1079.0, 'model_upper_height': 1079.0, 'control_rod_lower_height': 0.0, 'control_rod_upper_height': 1079.0, 'riser_lower_height': 0.0, 'riser_upper_height': 993.0}
