09c
grph900
06c
grph600
350
03c
grph300
350
03c
grph300
1250
12c
grph1200
