{0: {0: 0, 1: 28.08059317835038}, 1: {0: 0, 1: 69.23367017351025}, 2: {0: 0, 1: 106.0333039326488}, 3: {0: 0, 1: 137.30026596562263}, 4: {0: 0, 1: 164.0338949814238}, 5: {0: 0, 1: 187.21919606572203}}
{0: {0: 0, 1: 0.0014708636749836935}, 1: {0: 0, 1: 0.0011549090584292378}, 2: {0: 0, 1: 0.0009562496101546692}, 3: {0: 0, 1: 0.0007949236513317648}, 4: {0: 0, 1: 0.0006672007829724275}, 5: {0: 0, 1: 0.000573302467269809}}
{'max': {0: 0, 1: 0}, 'min': {0: 0, 1: 0}, 'average': {0: 0, 1: 0}}
(3.45837, 'f1_c4v4')
['total_days,day_time_step,fuel_temp,pebble_temp,power,power_days,fuel_type,initial_graphite_height,graphite_fraction_added,graphite_fraction_left,keff_initial,keff_final,reactivity_loss,fuel_pebble_discard_rate,total_pebble_discharge_rate,avg_discharge_bu_group0,avg_discharge_bu_group1,min_discharge_bu_group0,min_discharge_bu_group1,max_discharge_bu_group0,max_discharge_bu_group1,avg_bu_group0_pass0,avg_bu_group1_pass0,avg_bu_group0_pass1,avg_bu_group1_pass1,avg_bu_group0_pass2,avg_bu_group1_pass2,avg_bu_group0_pass3,avg_bu_group1_pass3,avg_bu_group0_pass4,avg_bu_group1_pass4,avg_bu_group0_pass5,avg_bu_group1_pass5,avg_power_density_group0_pass0,avg_power_density_group1_pass0,avg_power_density_group0_pass1,avg_power_density_group1_pass1,avg_power_density_group0_pass2,avg_power_density_group1_pass2,avg_power_density_group0_pass3,avg_power_density_group1_pass3,avg_power_density_group0_pass4,avg_power_density_group1_pass4,avg_power_density_group0_pass5,avg_power_density_group1_pass5\n', '1945.0,15,900.0,750.0,200000000.0,328850000000.0,1,0.0,0.0,0.0,1.01445,1.00824,607.1514414848782,0.0,0.0,0,0,0,0,0,0,0,28.08059317835038,0,69.23367017351025,0,106.0333039326488,0,137.30026596562263,0,164.0338949814238,0,187.21919606572203,0,0.0014708636749836935,0,0.0011549090584292378,0,0.0009562496101546692,0,0.0007949236513317648,0,0.0006672007829724275,0,0.000573302467269809\n']
